******************************************************************************
                  TI ARM Linker PC v18.12.4                    
******************************************************************************
>> Linked Wed Mar 24 09:45:56 2021

OUTPUT FILE NAME:   <i2c_test.out>
ENTRY POINT SYMBOL: "_c_int00_noargs"  address: 00001145


MEMORY CONFIGURATION

         name            origin    length      used     unused   attr    fill
----------------------  --------  ---------  --------  --------  ----  --------
  FLASH                 00000000   00040000  00001444  0003ebbc  R  X
  SRAM                  20000000   00008000  00000207  00007df9  RW X


SEGMENT ALLOCATION MAP

run origin  load origin   length   init length attrs members
----------  ----------- ---------- ----------- ----- -------
00000000    00000000    00001448   00001448    r-x
  00000000    00000000    0000026c   0000026c    r-- .intvecs
  0000026c    0000026c    00001068   00001068    r-x .text
  000012d4    000012d4    00000140   00000140    r-- .const
  00001418    00001418    00000030   00000030    r-- .cinit
20000000    20000000    00000207   00000000    rw-
  20000000    20000000    00000200   00000000    rw- .stack
  20000200    20000200    00000005   00000000    rw- .data
  20000205    20000205    00000002   00000000    rw- .bss


SECTION ALLOCATION MAP

 output                                  attributes/
section   page    origin      length       input sections
--------  ----  ----------  ----------   ----------------
.intvecs   0    00000000    0000026c     
                  00000000    0000026c     tm4c123gh6pm_startup_ccs.obj (.intvecs)

.text      0    0000026c    00001068     
                  0000026c    00000768     main.obj (.text)
                  000009d4    0000016c     driverlib.lib : gpio.obj (.text:GPIOPadConfigSet)
                  00000b40    00000118                   : sysctl.obj (.text:SysCtlClockGet)
                  00000c58    000000f4                   : sysctl.obj (.text:SysCtlClockSet)
                  00000d4c    0000009c     rtsv7M4_T_le_v4SPD16_eabi.lib : memcpy_t2.asm.obj (.text)
                  00000de8    00000068     driverlib.lib : interrupt.obj (.text:IntEnable)
                  00000e50    00000068     rtsv7M4_T_le_v4SPD16_eabi.lib : copy_decompress_lzss.c.obj (.text:decompress:lzss:__TI_decompress_lzss)
                  00000eb8    00000050     driverlib.lib : sysctl.obj (.text:SysCtlPeripheralReset)
                  00000f08    0000004c                   : gpio.obj (.text:GPIOPinConfigure)
                  00000f54    0000004c                   : i2c.obj (.text:I2CMasterInitExpClk)
                  00000fa0    00000046                   : uart.obj (.text:UARTConfigSetExpClk)
                  00000fe6    00000002     rtsv7M4_T_le_v4SPD16_eabi.lib : div0.asm.obj (.text)
                  00000fe8    00000044                                   : autoinit.c.obj (.text:__TI_auto_init_nobinit_nopinit:__TI_auto_init_nobinit_nopinit)
                  0000102c    00000040                                   : u_divt2.asm.obj (.text)
                  0000106c    00000038     driverlib.lib : sysctl.obj (.text:SysCtlPeripheralPresent)
                  000010a4    00000038                   : sysctl.obj (.text:SysCtlPeripheralReady)
                  000010dc    00000034                   : sysctl.obj (.text:SysCtlPeripheralDisable)
                  00001110    00000034                   : sysctl.obj (.text:SysCtlPeripheralEnable)
                  00001144    00000034     rtsv7M4_T_le_v4SPD16_eabi.lib : boot_cortex_m.c.obj (.text:_c_int00_noargs:_c_int00_noargs)
                  00001178    0000002c     driverlib.lib : gpio.obj (.text:GPIODirModeSet)
                  000011a4    00000020                   : uart.obj (.text:UARTDisable)
                  000011c4    0000001c     rtsv7M4_T_le_v4SPD16_eabi.lib : copy_zero_init.c.obj (.text:decompress:ZI:__TI_zero_init_nomemset:__TI_zero_init_nomemset)
                  000011e0    00000016     driverlib.lib : gpio.obj (.text:GPIOPinTypeI2C)
                  000011f6    00000016                   : gpio.obj (.text:GPIOPinTypeI2CSCL)
                  0000120c    00000016                   : gpio.obj (.text:GPIOPinTypeUART)
                  00001222    00000014                   : uart.obj (.text:UARTEnable)
                  00001236    00000010                   : interrupt.obj (.text:IntMasterEnable)
                  00001246    0000000e     rtsv7M4_T_le_v4SPD16_eabi.lib : copy_decompress_none.c.obj (.text:decompress:none:__TI_decompress_none)
                  00001254    0000000c     driverlib.lib : cpu.obj (.text:CPUcpsie)
                  00001260    0000000c     tm4c123gh6pm_startup_ccs.obj (.text)
                  0000126c    0000000a     driverlib.lib : i2c.obj (.text:I2CMasterEnable)
                  00001276    0000000a                   : i2c.obj (.text:I2CMasterIntStatusEx)
                  00001280    0000000a                   : uart.obj (.text:UARTCharGet)
                  0000128a    0000000a                   : uart.obj (.text:UARTCharPut)
                  00001294    00000008                   : i2c.obj (.text:I2CMasterBusy)
                  0000129c    00000008                   : i2c.obj (.text:I2CMasterIntClear)
                  000012a4    00000008                   : i2c.obj (.text:I2CMasterIntEnableEx)
                  000012ac    00000008                   : i2c.obj (.text:I2CMasterSlaveAddrSet)
                  000012b4    00000006                   : sysctl.obj (.text:SysCtlDelay)
                  000012ba    00000006                   : uart.obj (.text:UARTClockSourceSet)
                  000012c0    00000004                   : i2c.obj (.text:I2CMasterControl)
                  000012c4    00000004                   : i2c.obj (.text:I2CMasterDataGet)
                  000012c8    00000004                   : i2c.obj (.text:I2CMasterDataPut)
                  000012cc    00000004     rtsv7M4_T_le_v4SPD16_eabi.lib : pre_init.c.obj (.text:_system_pre_init)
                  000012d0    00000004                                   : exit.c.obj (.text:abort:abort)

.const     0    000012d4    00000140     
                  000012d4    00000090     driverlib.lib : gpio.obj (.const:g_pui32GPIOBaseAddrs)
                  00001364    0000006c                   : sysctl.obj (.const:g_pui32Xtals)
                  000013d0    00000014                   : interrupt.obj (.const:g_pui32EnRegs)
                  000013e4    00000012     main.obj (.const:.string)
                  000013f6    00000002     --HOLE-- [fill = 0]
                  000013f8    0000000c     main.obj (.const:g_ui32UARTBase)
                  00001404    0000000c     main.obj (.const:g_ui32UARTPeriph)
                  00001410    00000004     main.obj (.const)

.cinit     0    00001418    00000030     
                  00001418    0000000c     (__TI_handler_table)
                  00001424    00000004     --HOLE-- [fill = 0]
                  00001428    00000008     (.cinit..bss.load) [load image, compression = zero_init]
                  00001430    00000007     (.cinit..data.load) [load image, compression = lzss]
                  00001437    00000001     --HOLE-- [fill = 0]
                  00001438    00000010     (__TI_cinit_table)

.init_array 
*          0    00000000    00000000     UNINITIALIZED

.data      0    20000200    00000005     UNINITIALIZED
                  20000200    00000005     main.obj (.data)

.bss       0    20000205    00000002     UNINITIALIZED
                  20000205    00000001     (.common:ContReg)
                  20000206    00000001     (.common:receive)

.stack     0    20000000    00000200     UNINITIALIZED
                  20000000    00000004     rtsv7M4_T_le_v4SPD16_eabi.lib : boot_cortex_m.c.obj (.stack)
                  20000004    000001fc     --HOLE--

MODULE SUMMARY

       Module                         code   ro data   rw data
       ------                         ----   -------   -------
    .\
       main.obj                       1896   46        7      
       tm4c123gh6pm_startup_ccs.obj   12     620       0      
    +--+------------------------------+------+---------+---------+
       Total:                         1908   666       7      
                                                              
    C:/ti/TivaWare_C_Series-2.2.0.295/driverlib/ccs/Debug/driverlib.lib
       sysctl.obj                     826    108       0      
       gpio.obj                       550    144       0      
       uart.obj                       148    0         0      
       i2c.obj                        140    0         0      
       interrupt.obj                  120    20        0      
       cpu.obj                        12     0         0      
    +--+------------------------------+------+---------+---------+
       Total:                         1796   272       0      
                                                              
    C:\ti\ccs930\ccs\tools\compiler\ti-cgt-arm_18.12.4.LTS\lib\rtsv7M4_T_le_v4SPD16_eabi.lib
       memcpy_t2.asm.obj              156    0         0      
       copy_decompress_lzss.c.obj     104    0         0      
       autoinit.c.obj                 68     0         0      
       u_divt2.asm.obj                64     0         0      
       boot_cortex_m.c.obj            52     0         0      
       copy_zero_init.c.obj           28     0         0      
       copy_decompress_none.c.obj     14     0         0      
       exit.c.obj                     4      0         0      
       pre_init.c.obj                 4      0         0      
       div0.asm.obj                   2      0         0      
    +--+------------------------------+------+---------+---------+
       Total:                         496    0         0      
                                                              
       Stack:                         0      0         512    
       Linker Generated:              0      43        0      
    +--+------------------------------+------+---------+---------+
       Grand Total:                   4200   981       519    


LINKER GENERATED COPY TABLES

__TI_cinit_table @ 00001438 records: 2, size/record: 8, table size: 16
	.bss: load addr=00001428, load size=00000008 bytes, run addr=20000205, run size=00000002 bytes, compression=zero_init
	.data: load addr=00001430, load size=00000007 bytes, run addr=20000200, run size=00000005 bytes, compression=lzss


LINKER GENERATED HANDLER TABLE

__TI_handler_table @ 00001418 records: 3, size/record: 4, table size: 12
	index: 0, handler: __TI_decompress_lzss
	index: 1, handler: __TI_decompress_none
	index: 2, handler: __TI_zero_init


GLOBAL SYMBOLS: SORTED ALPHABETICALLY BY Name 

address   name                          
-------   ----                          
000012d1  C$$EXIT                       
00001255  CPUcpsie                      
20000205  ContReg                       
00001179  GPIODirModeSet                
000009d5  GPIOPadConfigSet              
00000f09  GPIOPinConfigure              
000011e1  GPIOPinTypeI2C                
000011f7  GPIOPinTypeI2CSCL             
0000120d  GPIOPinTypeUART               
00000779  I2C0_Master_Init              
00001295  I2CMasterBusy                 
000012c1  I2CMasterControl              
000012c5  I2CMasterDataGet              
000012c9  I2CMasterDataPut              
0000126d  I2CMasterEnable               
00000f55  I2CMasterInitExpClk           
0000129d  I2CMasterIntClear             
000012a5  I2CMasterIntEnableEx          
00000703  I2CMasterIntHandler           
00001277  I2CMasterIntStatusEx          
000012ad  I2CMasterSlaveAddrSet         
000007cb  I2CReceiveMultipleBytes       
0000073d  InitConsole                   
00000de9  IntEnable                     
00001237  IntMasterEnable               
00001261  ResetISR                      
00000b41  SysCtlClockGet                
00000c59  SysCtlClockSet                
000012b5  SysCtlDelay                   
000010dd  SysCtlPeripheralDisable       
00001111  SysCtlPeripheralEnable        
0000106d  SysCtlPeripheralPresent       
000010a5  SysCtlPeripheralReady         
00000eb9  SysCtlPeripheralReset         
00001281  UARTCharGet                   
0000128b  UARTCharPut                   
000012bb  UARTClockSourceSet            
00000fa1  UARTConfigSetExpClk           
000011a5  UARTDisable                   
00001223  UARTEnable                    
0000026d  UARTStdioConfig               
000003bd  UARTgetc                      
00000303  UARTgets                      
000006df  UARTprintf                    
000003e5  UARTvprintf                   
000002b3  UARTwrite                     
20000200  __STACK_END                   
00000200  __STACK_SIZE                  
20000200  __STACK_TOP                   
00001438  __TI_CINIT_Base               
00001448  __TI_CINIT_Limit              
00001418  __TI_Handler_Table_Base       
00001424  __TI_Handler_Table_Limit      
00000fe9  __TI_auto_init_nobinit_nopinit
00000e51  __TI_decompress_lzss          
00001247  __TI_decompress_none          
ffffffff  __TI_pprof_out_hndl           
ffffffff  __TI_prof_data_size           
ffffffff  __TI_prof_data_start          
00000000  __TI_static_base__            
000011c5  __TI_zero_init_nomemset       
00000fe7  __aeabi_idiv0                 
00000fe7  __aeabi_ldiv0                 
00000d4d  __aeabi_memcpy                
00000d4d  __aeabi_memcpy4               
00000d4d  __aeabi_memcpy8               
0000102d  __aeabi_uidiv                 
0000102d  __aeabi_uidivmod              
ffffffff  __binit__                     
ffffffff  __c_args__                    
UNDEFED   __mpu_init                    
20000000  __stack                       
00001145  _c_int00_noargs               
UNDEFED   _system_post_cinit            
000012cd  _system_pre_init              
000012d1  abort                         
ffffffff  binit                         
00000000  g_pfnVectors                  
0000089d  main                          
00000d4d  memcpy                        
20000206  receive                       


GLOBAL SYMBOLS: SORTED BY Symbol Address 

address   name                          
-------   ----                          
00000000  __TI_static_base__            
00000000  g_pfnVectors                  
00000200  __STACK_SIZE                  
0000026d  UARTStdioConfig               
000002b3  UARTwrite                     
00000303  UARTgets                      
000003bd  UARTgetc                      
000003e5  UARTvprintf                   
000006df  UARTprintf                    
00000703  I2CMasterIntHandler           
0000073d  InitConsole                   
00000779  I2C0_Master_Init              
000007cb  I2CReceiveMultipleBytes       
0000089d  main                          
000009d5  GPIOPadConfigSet              
00000b41  SysCtlClockGet                
00000c59  SysCtlClockSet                
00000d4d  __aeabi_memcpy                
00000d4d  __aeabi_memcpy4               
00000d4d  __aeabi_memcpy8               
00000d4d  memcpy                        
00000de9  IntEnable                     
00000e51  __TI_decompress_lzss          
00000eb9  SysCtlPeripheralReset         
00000f09  GPIOPinConfigure              
00000f55  I2CMasterInitExpClk           
00000fa1  UARTConfigSetExpClk           
00000fe7  __aeabi_idiv0                 
00000fe7  __aeabi_ldiv0                 
00000fe9  __TI_auto_init_nobinit_nopinit
0000102d  __aeabi_uidiv                 
0000102d  __aeabi_uidivmod              
0000106d  SysCtlPeripheralPresent       
000010a5  SysCtlPeripheralReady         
000010dd  SysCtlPeripheralDisable       
00001111  SysCtlPeripheralEnable        
00001145  _c_int00_noargs               
00001179  GPIODirModeSet                
000011a5  UARTDisable                   
000011c5  __TI_zero_init_nomemset       
000011e1  GPIOPinTypeI2C                
000011f7  GPIOPinTypeI2CSCL             
0000120d  GPIOPinTypeUART               
00001223  UARTEnable                    
00001237  IntMasterEnable               
00001247  __TI_decompress_none          
00001255  CPUcpsie                      
00001261  ResetISR                      
0000126d  I2CMasterEnable               
00001277  I2CMasterIntStatusEx          
00001281  UARTCharGet                   
0000128b  UARTCharPut                   
00001295  I2CMasterBusy                 
0000129d  I2CMasterIntClear             
000012a5  I2CMasterIntEnableEx          
000012ad  I2CMasterSlaveAddrSet         
000012b5  SysCtlDelay                   
000012bb  UARTClockSourceSet            
000012c1  I2CMasterControl              
000012c5  I2CMasterDataGet              
000012c9  I2CMasterDataPut              
000012cd  _system_pre_init              
000012d1  C$$EXIT                       
000012d1  abort                         
00001418  __TI_Handler_Table_Base       
00001424  __TI_Handler_Table_Limit      
00001438  __TI_CINIT_Base               
00001448  __TI_CINIT_Limit              
20000000  __stack                       
20000200  __STACK_END                   
20000200  __STACK_TOP                   
20000205  ContReg                       
20000206  receive                       
ffffffff  __TI_pprof_out_hndl           
ffffffff  __TI_prof_data_size           
ffffffff  __TI_prof_data_start          
ffffffff  __binit__                     
ffffffff  __c_args__                    
ffffffff  binit                         
UNDEFED   __mpu_init                    
UNDEFED   _system_post_cinit            

[81 symbols]
